// Jest Snapshot v1, https://goo.gl/fbAQLP

exports[`matches snapshot 1`] = `
<DocumentFragment>
  <div
    class="BoxList"
  >
    <h2>
      Color Box Maker
    </h2>
    <form>
      <label
        for="width"
      >
        Width (10-300) 
      </label>
      <input
        id="width"
        max="300"
        min="10"
        name="width"
        type="number"
        value=""
      />
      <br />
      <label
        for="height"
      >
        Height (10-300) 
      </label>
      <input
        id="height"
        max="300"
        min="10"
        name="height"
        type="number"
        value=""
      />
      <br />
      <label
        for="color"
      >
        Color 
      </label>
      <input
        id="color"
        name="color"
        type="color"
        value=""
      />
      <br />
      <button>
        Create Box
      </button>
    </form>
    <div
      class="BoxList-boxes"
    />
  </div>
</DocumentFragment>
`;
